
Allocating common symbols
Common symbol       size              file

idt_ptr             0x6               kernel/global.o
current_year        0x4               kernel/main.o
inode_table         0xb00             kernel/global.o
task_stack          0x38000           kernel/global.o
bitmap              0x190             kernel/main.o
k_reenter           0x4               kernel/global.o
gdt                 0x400             kernel/global.o
month               0x4               kernel/main.o
current_console     0x4               kernel/global.o
pcaller             0x4               kernel/global.o
tty_table           0x1090            kernel/global.o
blocks              0x3200            kernel/main.o
tss                 0x68              kernel/global.o
fs_msg              0x30              kernel/global.o
f_desc_table        0x300             kernel/global.o
root_inode          0x4               kernel/global.o
current_month       0x4               kernel/main.o
disp_pos            0x4               kernel/global.o
key_pressed         0x4               kernel/global.o
gdt_ptr             0x6               kernel/global.o
idt                 0x800             kernel/global.o
super_block         0x1e0             kernel/global.o
year                0x4               kernel/main.o
PARTITION_ENTRY     0x10              kernel/hd.o
ticks               0x4               kernel/global.o
day                 0x4               kernel/main.o
formula             0x1f4             kernel/main.o
Input               0x1f4             kernel/main.o
console_table       0x50              kernel/global.o
irq_table           0x40              kernel/global.o
p_proc_ready        0x4               kernel/global.o
proc_table          0xb28             kernel/global.o
current_day         0x4               kernel/main.o

Discarded input sections

 .group         0x0000000000000000        0x8 kernel/start.o
 .note.GNU-stack
                0x0000000000000000        0x0 kernel/start.o
 .group         0x0000000000000000        0x8 kernel/main.o
 .group         0x0000000000000000        0x8 kernel/main.o
 .text.__x86.get_pc_thunk.bx
                0x0000000000000000        0x4 kernel/main.o
 .note.GNU-stack
                0x0000000000000000        0x0 kernel/main.o
 .group         0x0000000000000000        0x8 kernel/clock.o
 .text.__x86.get_pc_thunk.bx
                0x0000000000000000        0x4 kernel/clock.o
 .note.GNU-stack
                0x0000000000000000        0x0 kernel/clock.o
 .group         0x0000000000000000        0x8 kernel/keyboard.o
 .text.__x86.get_pc_thunk.bx
                0x0000000000000000        0x4 kernel/keyboard.o
 .note.GNU-stack
                0x0000000000000000        0x0 kernel/keyboard.o
 .group         0x0000000000000000        0x8 kernel/tty.o
 .group         0x0000000000000000        0x8 kernel/tty.o
 .text.__x86.get_pc_thunk.ax
                0x0000000000000000        0x4 kernel/tty.o
 .text.__x86.get_pc_thunk.bx
                0x0000000000000000        0x4 kernel/tty.o
 .note.GNU-stack
                0x0000000000000000        0x0 kernel/tty.o
 .group         0x0000000000000000        0x8 kernel/console.o
 .group         0x0000000000000000        0x8 kernel/console.o
 .group         0x0000000000000000        0x8 kernel/console.o
 .group         0x0000000000000000        0x8 kernel/console.o
 .text.__x86.get_pc_thunk.ax
                0x0000000000000000        0x4 kernel/console.o
 .text.__x86.get_pc_thunk.bx
                0x0000000000000000        0x4 kernel/console.o
 .note.GNU-stack
                0x0000000000000000        0x0 kernel/console.o
 .group         0x0000000000000000        0x8 kernel/i8259.o
 .text.__x86.get_pc_thunk.bx
                0x0000000000000000        0x4 kernel/i8259.o
 .note.GNU-stack
                0x0000000000000000        0x0 kernel/i8259.o
 .note.GNU-stack
                0x0000000000000000        0x0 kernel/global.o
 .group         0x0000000000000000        0x8 kernel/protect.o
 .group         0x0000000000000000        0x8 kernel/protect.o
 .text.__x86.get_pc_thunk.ax
                0x0000000000000000        0x4 kernel/protect.o
 .text.__x86.get_pc_thunk.bx
                0x0000000000000000        0x4 kernel/protect.o
 .note.GNU-stack
                0x0000000000000000        0x0 kernel/protect.o
 .group         0x0000000000000000        0x8 kernel/proc.o
 .group         0x0000000000000000        0x8 kernel/proc.o
 .group         0x0000000000000000        0x8 kernel/proc.o
 .text.__x86.get_pc_thunk.ax
                0x0000000000000000        0x4 kernel/proc.o
 .text.__x86.get_pc_thunk.dx
                0x0000000000000000        0x4 kernel/proc.o
 .text.__x86.get_pc_thunk.bx
                0x0000000000000000        0x4 kernel/proc.o
 .note.GNU-stack
                0x0000000000000000        0x0 kernel/proc.o
 .group         0x0000000000000000        0x8 kernel/systask.o
 .text.__x86.get_pc_thunk.bx
                0x0000000000000000        0x4 kernel/systask.o
 .note.GNU-stack
                0x0000000000000000        0x0 kernel/systask.o
 .group         0x0000000000000000        0x8 kernel/hd.o
 .group         0x0000000000000000        0x8 kernel/hd.o
 .text.__x86.get_pc_thunk.ax
                0x0000000000000000        0x4 kernel/hd.o
 .text.__x86.get_pc_thunk.bx
                0x0000000000000000        0x4 kernel/hd.o
 .note.GNU-stack
                0x0000000000000000        0x0 kernel/hd.o
 .group         0x0000000000000000        0x8 lib/printf.o
 .text.__x86.get_pc_thunk.bx
                0x0000000000000000        0x4 lib/printf.o
 .note.GNU-stack
                0x0000000000000000        0x0 lib/printf.o
 .group         0x0000000000000000        0x8 lib/vsprintf.o
 .group         0x0000000000000000        0x8 lib/vsprintf.o
 .text.__x86.get_pc_thunk.ax
                0x0000000000000000        0x4 lib/vsprintf.o
 .text.__x86.get_pc_thunk.bx
                0x0000000000000000        0x4 lib/vsprintf.o
 .note.GNU-stack
                0x0000000000000000        0x0 lib/vsprintf.o
 .group         0x0000000000000000        0x8 lib/klib.o
 .group         0x0000000000000000        0x8 lib/klib.o
 .text.__x86.get_pc_thunk.ax
                0x0000000000000000        0x4 lib/klib.o
 .text.__x86.get_pc_thunk.bx
                0x0000000000000000        0x4 lib/klib.o
 .note.GNU-stack
                0x0000000000000000        0x0 lib/klib.o
 .group         0x0000000000000000        0x8 lib/misc.o
 .group         0x0000000000000000        0x8 lib/misc.o
 .text.__x86.get_pc_thunk.ax
                0x0000000000000000        0x4 lib/misc.o
 .text.__x86.get_pc_thunk.bx
                0x0000000000000000        0x4 lib/misc.o
 .note.GNU-stack
                0x0000000000000000        0x0 lib/misc.o
 .group         0x0000000000000000        0x8 lib/open.o
 .text.__x86.get_pc_thunk.bx
                0x0000000000000000        0x4 lib/open.o
 .note.GNU-stack
                0x0000000000000000        0x0 lib/open.o
 .group         0x0000000000000000        0x8 lib/read.o
 .text.__x86.get_pc_thunk.ax
                0x0000000000000000        0x4 lib/read.o
 .note.GNU-stack
                0x0000000000000000        0x0 lib/read.o
 .group         0x0000000000000000        0x8 lib/write.o
 .text.__x86.get_pc_thunk.ax
                0x0000000000000000        0x4 lib/write.o
 .note.GNU-stack
                0x0000000000000000        0x0 lib/write.o
 .group         0x0000000000000000        0x8 lib/close.o
 .text.__x86.get_pc_thunk.ax
                0x0000000000000000        0x4 lib/close.o
 .note.GNU-stack
                0x0000000000000000        0x0 lib/close.o
 .group         0x0000000000000000        0x8 lib/unlink.o
 .text.__x86.get_pc_thunk.bx
                0x0000000000000000        0x4 lib/unlink.o
 .note.GNU-stack
                0x0000000000000000        0x0 lib/unlink.o
 .group         0x0000000000000000        0x8 lib/getpid.o
 .text.__x86.get_pc_thunk.bx
                0x0000000000000000        0x4 lib/getpid.o
 .note.GNU-stack
                0x0000000000000000        0x0 lib/getpid.o
 .group         0x0000000000000000        0x8 lib/syslog.o
 .text.__x86.get_pc_thunk.bx
                0x0000000000000000        0x4 lib/syslog.o
 .note.GNU-stack
                0x0000000000000000        0x0 lib/syslog.o
 .group         0x0000000000000000        0x8 fs/main.o
 .group         0x0000000000000000        0x8 fs/main.o
 .text.__x86.get_pc_thunk.ax
                0x0000000000000000        0x4 fs/main.o
 .text.__x86.get_pc_thunk.bx
                0x0000000000000000        0x4 fs/main.o
 .note.GNU-stack
                0x0000000000000000        0x0 fs/main.o
 .group         0x0000000000000000        0x8 fs/open.o
 .group         0x0000000000000000        0x8 fs/open.o
 .text.__x86.get_pc_thunk.ax
                0x0000000000000000        0x4 fs/open.o
 .text.__x86.get_pc_thunk.bx
                0x0000000000000000        0x4 fs/open.o
 .note.GNU-stack
                0x0000000000000000        0x0 fs/open.o
 .group         0x0000000000000000        0x8 fs/misc.o
 .group         0x0000000000000000        0x8 fs/misc.o
 .text.__x86.get_pc_thunk.cx
                0x0000000000000000        0x4 fs/misc.o
 .text.__x86.get_pc_thunk.bx
                0x0000000000000000        0x4 fs/misc.o
 .note.GNU-stack
                0x0000000000000000        0x0 fs/misc.o
 .group         0x0000000000000000        0x8 fs/read_write.o
 .text.__x86.get_pc_thunk.bx
                0x0000000000000000        0x4 fs/read_write.o
 .note.GNU-stack
                0x0000000000000000        0x0 fs/read_write.o
 .group         0x0000000000000000        0x8 fs/link.o
 .text.__x86.get_pc_thunk.bx
                0x0000000000000000        0x4 fs/link.o
 .note.GNU-stack
                0x0000000000000000        0x0 fs/link.o
 .group         0x0000000000000000        0x8 fs/disklog.o
 .text.__x86.get_pc_thunk.bx
                0x0000000000000000        0x4 fs/disklog.o
 .note.GNU-stack
                0x0000000000000000        0x0 fs/disklog.o

Memory Configuration

Name             Origin             Length             Attributes
*default*        0x0000000000000000 0xffffffffffffffff

Linker script and memory map

Address of section .text set to 0x1000
LOAD kernel/kernel.o
LOAD lib/syscall.o
LOAD kernel/start.o
LOAD kernel/main.o
LOAD kernel/clock.o
LOAD kernel/keyboard.o
LOAD kernel/tty.o
LOAD kernel/console.o
LOAD kernel/i8259.o
LOAD kernel/global.o
LOAD kernel/protect.o
LOAD kernel/proc.o
LOAD kernel/systask.o
LOAD kernel/hd.o
LOAD lib/printf.o
LOAD lib/vsprintf.o
LOAD lib/kliba.o
LOAD lib/klib.o
LOAD lib/string.o
LOAD lib/misc.o
LOAD lib/open.o
LOAD lib/read.o
LOAD lib/write.o
LOAD lib/close.o
LOAD lib/unlink.o
LOAD lib/getpid.o
LOAD lib/syslog.o
LOAD fs/main.o
LOAD fs/open.o
LOAD fs/misc.o
LOAD fs/read_write.o
LOAD fs/link.o
LOAD fs/disklog.o
                [!provide]                        PROVIDE (__executable_start = SEGMENT_START ("text-segment", 0x8048000))
                0x0000000008048094                . = (SEGMENT_START ("text-segment", 0x8048000) + SIZEOF_HEADERS)

.interp
 *(.interp)

.note.gnu.build-id
 *(.note.gnu.build-id)

.hash
 *(.hash)

.gnu.hash
 *(.gnu.hash)

.dynsym
 *(.dynsym)

.dynstr
 *(.dynstr)

.gnu.version
 *(.gnu.version)

.gnu.version_d
 *(.gnu.version_d)

.gnu.version_r
 *(.gnu.version_r)

.rel.dyn        0x0000000008048094        0x0
 *(.rel.init)
 *(.rel.text .rel.text.* .rel.gnu.linkonce.t.*)
 .rel.text      0x0000000008048094        0x0 kernel/kernel.o
 *(.rel.fini)
 *(.rel.rodata .rel.rodata.* .rel.gnu.linkonce.r.*)
 *(.rel.data.rel.ro .rel.data.rel.ro.* .rel.gnu.linkonce.d.rel.ro.*)
 *(.rel.data .rel.data.* .rel.gnu.linkonce.d.*)
 *(.rel.tdata .rel.tdata.* .rel.gnu.linkonce.td.*)
 *(.rel.tbss .rel.tbss.* .rel.gnu.linkonce.tb.*)
 *(.rel.ctors)
 *(.rel.dtors)
 *(.rel.got)
 .rel.got       0x0000000008048094        0x0 kernel/kernel.o
 *(.rel.bss .rel.bss.* .rel.gnu.linkonce.b.*)
 *(.rel.ifunc)

.rel.plt        0x0000000008048094        0x0
 *(.rel.plt)
                [!provide]                        PROVIDE (__rel_iplt_start = .)
 *(.rel.iplt)
 .rel.iplt      0x0000000008048094        0x0 kernel/kernel.o
                [!provide]                        PROVIDE (__rel_iplt_end = .)

.init
 *(SORT_NONE(.init))

.plt            0x0000000008048098        0x0
 *(.plt)
 *(.iplt)
 .iplt          0x0000000008048098        0x0 kernel/kernel.o

.plt.got
 *(.plt.got)

.plt.sec
 *(.plt.sec)

.text           0x0000000000001000    0x110a0
 *(.text.unlikely .text.*_unlikely .text.unlikely.*)
 *(.text.exit .text.exit.*)
 *(.text.startup .text.startup.*)
 *(.text.hot .text.hot.*)
 *(.text .stub .text.* .gnu.linkonce.t.*)
 .text          0x0000000000001000      0x410 kernel/kernel.o
                0x0000000000001000                _start
                0x0000000000001040                hwint00
                0x0000000000001070                hwint01
                0x00000000000010a0                hwint02
                0x00000000000010d0                hwint03
                0x0000000000001100                hwint04
                0x0000000000001130                hwint05
                0x0000000000001160                hwint06
                0x0000000000001190                hwint07
                0x00000000000011c0                hwint08
                0x00000000000011f0                hwint09
                0x0000000000001220                hwint10
                0x0000000000001250                hwint11
                0x0000000000001280                hwint12
                0x00000000000012b0                hwint13
                0x00000000000012e0                hwint14
                0x0000000000001310                hwint15
                0x0000000000001334                divide_error
                0x000000000000133a                single_step_exception
                0x0000000000001340                nmi
                0x0000000000001346                breakpoint_exception
                0x000000000000134c                overflow
                0x0000000000001352                bounds_check
                0x0000000000001358                inval_opcode
                0x000000000000135e                copr_not_available
                0x0000000000001364                double_fault
                0x0000000000001368                copr_seg_overrun
                0x000000000000136e                inval_tss
                0x0000000000001372                segment_not_present
                0x0000000000001376                stack_exception
                0x000000000000137a                general_protection
                0x000000000000137e                page_fault
                0x0000000000001382                copr_error
                0x00000000000013cb                sys_call
                0x00000000000013eb                restart
 .text          0x0000000000001410       0x28 lib/syscall.o
                0x0000000000001410                sendrec
                0x000000000000142a                printx
 .text          0x0000000000001438       0xc3 kernel/start.o
                0x0000000000001438                cstart
 .text.__x86.get_pc_thunk.bx
                0x00000000000014fb        0x4 kernel/start.o
                0x00000000000014fb                __x86.get_pc_thunk.bx
 .text          0x00000000000014ff     0x6ce0 kernel/main.o
                0x00000000000014ff                clear
                0x0000000000001587                ShowCommands
                0x00000000000016d6                help
                0x00000000000016ee                startAnimate
                0x0000000000001857                judgement
                0x00000000000018c5                show_week
                0x0000000000001a2c                print_year_month
                0x000000000000202a                print
                0x0000000000002551                Calendar
                0x0000000000002a68                judge_corr
                0x0000000000002b6d                add_minus
                0x0000000000002c18                time_devide
                0x0000000000002cc3                bracket
                0x0000000000002d4a                IsAllowed
                0x0000000000002db8                IsBlank
                0x0000000000002dee                Transfer
                0x0000000000002f2f                Calculator
                0x00000000000031f2                computer_game
                0x000000000000329e                rand
                0x00000000000032fb                Guessing
                0x0000000000003645                table_printf
                0x00000000000036b1                draw_table_for_gobang
                0x0000000000003754                judge_for_gobang
                0x0000000000003b8d                Gobang
                0x000000000000443b                draw_table
                0x0000000000004567                check
                0x0000000000004946                judge
                0x00000000000049a0                MineSweeper
                0x000000000000569f                kernel_main
                0x0000000000005955                get_ticks
                0x0000000000005998                TestA
                0x000000000000688e                initFileBlock
                0x0000000000006922                toStr3
                0x0000000000006a02                WriteDisk
                0x0000000000006e1f                toInt
                0x0000000000006e72                ReadDisk
                0x000000000000719b                FSInit
                0x000000000000728c                NewFile
                0x000000000000745b                ShowFileList
                0x0000000000007598                SearchFile
                0x000000000000763a                ReturnFile
                0x0000000000007663                DeleteFile
                0x00000000000077e9                ShowMessage
                0x0000000000007933                TestB
                0x000000000000815a                TestC
                0x0000000000008185                panic
 .text.__x86.get_pc_thunk.ax
                0x00000000000081df        0x4 kernel/main.o
                0x00000000000081df                __x86.get_pc_thunk.ax
 .text          0x00000000000081e3      0x1e6 kernel/clock.o
                0x00000000000081e3                clock_handler
                0x0000000000008316                milli_delay
                0x0000000000008360                init_clock
 .text          0x00000000000083c9      0x7a7 kernel/keyboard.o
                0x00000000000083c9                keyboard_handler
                0x000000000000844e                init_keyboard
                0x0000000000008518                keyboard_read
 .text          0x0000000000008b70      0xac7 kernel/tty.o
                0x0000000000008b70                task_tty
                0x0000000000008d5b                in_process
                0x00000000000092d9                sys_printx
                0x00000000000094a1                dump_tty_buf
 .text          0x0000000000009637      0x882 kernel/console.o
                0x0000000000009637                init_screen
                0x00000000000097bf                out_char
                0x0000000000009a7d                clear_screen
                0x0000000000009ac1                is_current_console
                0x0000000000009af4                set_cursor
                0x0000000000009b6b                set_video_start_addr
                0x0000000000009be2                select_console
                0x0000000000009c35                scroll_screen
                0x0000000000009e30                flush
 .text.__x86.get_pc_thunk.dx
                0x0000000000009eb9        0x4 kernel/console.o
                0x0000000000009eb9                __x86.get_pc_thunk.dx
 .text.__x86.get_pc_thunk.cx
                0x0000000000009ebd        0x4 kernel/console.o
                0x0000000000009ebd                __x86.get_pc_thunk.cx
 .text          0x0000000000009ec1      0x167 kernel/i8259.o
                0x0000000000009ec1                init_8259A
                0x0000000000009fa9                spurious_irq
                0x0000000000009ff3                put_irq_handler
 .text          0x000000000000a028        0x0 kernel/global.o
 .text          0x000000000000a028      0x6c7 kernel/protect.o
                0x000000000000a028                init_prot
                0x000000000000a4c5                seg2phys
                0x000000000000a598                exception_handler
 .text          0x000000000000a6ef     0x1a4b kernel/proc.o
                0x000000000000a6ef                schedule
                0x000000000000a7a3                sys_sendrec
                0x000000000000a8ea                send_recv
                0x000000000000a9bc                ldt_seg_linear
                0x000000000000aa10                va2la
                0x000000000000aa89                reset_msg
                0x000000000000baad                inform_int
                0x000000000000bc65                dump_proc
                0x000000000000c009                dump_msg
 .text          0x000000000000c13a       0x96 kernel/systask.o
                0x000000000000c13a                task_sys
 .text          0x000000000000c1d0      0xf9e kernel/hd.o
                0x000000000000c1d0                task_hd
                0x000000000000d133                hd_handler
 .text          0x000000000000d16e       0xd1 lib/printf.o
                0x000000000000d16e                printf
                0x000000000000d1ee                printl
 .text          0x000000000000d23f      0x330 lib/vsprintf.o
                0x000000000000d2af                vsprintf
                0x000000000000d53f                sprintf
 *fill*         0x000000000000d56f        0x1 
 .text          0x000000000000d570      0x19a lib/kliba.o
                0x000000000000d570                disp_str
                0x000000000000d5ae                disp_color_str
                0x000000000000d5ed                out_byte
                0x000000000000d5f9                in_byte
                0x000000000000d603                port_read
                0x000000000000d616                port_write
                0x000000000000d629                disable_irq
                0x000000000000d65e                enable_irq
                0x000000000000d67d                disable_int
                0x000000000000d67f                enable_int
                0x000000000000d681                glitter
 .text          0x000000000000d70a      0x38f lib/klib.o
                0x000000000000d70a                itoa
                0x000000000000d7bf                itoaDec
                0x000000000000d94e                atoi
                0x000000000000da12                disp_int
                0x000000000000da48                delay
 *fill*         0x000000000000da99        0x7 
 .text          0x000000000000daa0       0x78 lib/string.o
                0x000000000000daa0                memcpy
                0x000000000000dac9                memset
                0x000000000000daea                strcpy
                0x000000000000db02                strlen
 .text          0x000000000000db18      0x1dc lib/misc.o
                0x000000000000db18                memcmp
                0x000000000000db98                strcmp
                0x000000000000dc15                strcat
                0x000000000000dc7e                spin
                0x000000000000dca8                assertion_failure
 .text          0x000000000000dcf4       0x78 lib/open.o
                0x000000000000dcf4                open
 .text          0x000000000000dd6c       0x47 lib/read.o
                0x000000000000dd6c                read
 .text          0x000000000000ddb3       0x47 lib/write.o
                0x000000000000ddb3                write
 .text          0x000000000000ddfa       0x3b lib/close.o
                0x000000000000ddfa                close
 .text          0x000000000000de35       0x4b lib/unlink.o
                0x000000000000de35                unlink
 .text          0x000000000000de80       0x5b lib/getpid.o
                0x000000000000de80                getpid
 .text          0x000000000000dedb       0xe8 lib/syslog.o
                0x000000000000dedb                syslog
 .text          0x000000000000dfc3      0xf09 fs/main.o
                0x000000000000dfc3                task_fs
                0x000000000000e92c                rw_sector
                0x000000000000eb81                get_super_block
                0x000000000000ebe3                get_inode
                0x000000000000ed65                put_inode
                0x000000000000edb9                sync_inode
 .text          0x000000000000eecc      0xbbf fs/open.o
                0x000000000000eecc                do_open
                0x000000000000f39a                do_close
                0x000000000000f412                do_lseek
 .text          0x000000000000fa8b      0x206 fs/misc.o
                0x000000000000fa8b                search_file
                0x000000000000fbf4                strip_path
 .text          0x000000000000fc91      0x54e fs/read_write.o
                0x000000000000fc91                do_rdwt
 .text          0x00000000000101df      0x88d fs/link.o
                0x00000000000101df                do_unlink
 .text          0x0000000000010a6c     0x1634 fs/disklog.o
                0x0000000000010a6c                do_disklog
                0x0000000000010b26                disklog
                0x0000000000011061                dump_fd_graph
 *(.gnu.warning)

.fini
 *(SORT_NONE(.fini))
                [!provide]                        PROVIDE (__etext = .)
                [!provide]                        PROVIDE (_etext = .)
                [!provide]                        PROVIDE (etext = .)

.rodata         0x00000000000120a0     0x53d7
 *(.rodata .rodata.* .gnu.linkonce.r.*)
 .rodata        0x00000000000120a0       0x47 kernel/start.o
 *fill*         0x00000000000120e7        0x1 
 .rodata        0x00000000000120e8     0x36e0 kernel/main.o
 .rodata        0x00000000000157c8       0x64 kernel/keyboard.o
 .rodata        0x000000000001582c      0x13c kernel/tty.o
 .rodata        0x0000000000015968       0x5b kernel/console.o
 .rodata        0x00000000000159c3       0x11 kernel/i8259.o
 .rodata        0x00000000000159d4        0x4 kernel/global.o
                0x00000000000159d4                FSBUF_SIZE
 *fill*         0x00000000000159d8        0x8 
 .rodata        0x00000000000159e0      0x540 kernel/protect.o
 .rodata        0x0000000000015f20      0x62e kernel/proc.o
 .rodata        0x000000000001654e       0x11 kernel/systask.o
 *fill*         0x000000000001655f        0x1 
 .rodata        0x0000000000016560      0x1ba kernel/hd.o
 .rodata        0x000000000001671a       0x14 lib/printf.o
 *fill*         0x000000000001672e        0x2 
 .rodata        0x0000000000016730       0x61 lib/misc.o
 .rodata        0x0000000000016791       0x23 lib/open.o
 .rodata        0x00000000000167b4       0x25 lib/getpid.o
 .rodata        0x00000000000167d9       0x32 lib/syslog.o
 *fill*         0x000000000001680b        0x1 
 .rodata        0x000000000001680c      0x206 fs/main.o
 *fill*         0x0000000000016a12        0x2 
 .rodata        0x0000000000016a14      0x138 fs/open.o
 .rodata        0x0000000000016b4c      0x164 fs/read_write.o
 .rodata        0x0000000000016cb0      0x19d fs/link.o
 *fill*         0x0000000000016e4d        0x3 
 .rodata        0x0000000000016e50      0x627 fs/disklog.o

.rodata1
 *(.rodata1)

.eh_frame_hdr
 *(.eh_frame_hdr)
 *(.eh_frame_entry .eh_frame_entry.*)

.eh_frame       0x0000000000017478     0x1734
 *(.eh_frame)
 .eh_frame      0x0000000000017478       0x50 kernel/start.o
 .eh_frame      0x00000000000174c8      0x670 kernel/main.o
                                        0x69c (size before relaxing)
 .eh_frame      0x0000000000017b38       0x6c kernel/clock.o
                                         0x98 (size before relaxing)
 .eh_frame      0x0000000000017ba4       0xfc kernel/keyboard.o
                                        0x128 (size before relaxing)
 .eh_frame      0x0000000000017ca0      0x15c kernel/tty.o
                                        0x19c (size before relaxing)
 .eh_frame      0x0000000000017dfc      0x180 kernel/console.o
                                        0x1c0 (size before relaxing)
 .eh_frame      0x0000000000017f7c       0x6c kernel/i8259.o
                                         0x98 (size before relaxing)
 .eh_frame      0x0000000000017fe8       0xb8 kernel/protect.o
                                         0xf8 (size before relaxing)
 .eh_frame      0x00000000000180a0      0x20c kernel/proc.o
                                        0x260 (size before relaxing)
 .eh_frame      0x00000000000182ac       0x1c kernel/systask.o
                                         0x48 (size before relaxing)
 .eh_frame      0x00000000000182c8      0x22c kernel/hd.o
                                        0x26c (size before relaxing)
 .eh_frame      0x00000000000184f4       0x48 lib/printf.o
                                         0x74 (size before relaxing)
 .eh_frame      0x000000000001853c       0x68 lib/vsprintf.o
                                         0xa8 (size before relaxing)
 .eh_frame      0x00000000000185a4       0xac lib/klib.o
                                         0xec (size before relaxing)
 .eh_frame      0x0000000000018650       0xa0 lib/misc.o
                                         0xe0 (size before relaxing)
 .eh_frame      0x00000000000186f0       0x24 lib/open.o
                                         0x50 (size before relaxing)
 .eh_frame      0x0000000000018714       0x24 lib/read.o
                                         0x50 (size before relaxing)
 .eh_frame      0x0000000000018738       0x24 lib/write.o
                                         0x50 (size before relaxing)
 .eh_frame      0x000000000001875c       0x24 lib/close.o
                                         0x50 (size before relaxing)
 .eh_frame      0x0000000000018780       0x24 lib/unlink.o
                                         0x50 (size before relaxing)
 .eh_frame      0x00000000000187a4       0x24 lib/getpid.o
                                         0x50 (size before relaxing)
 .eh_frame      0x00000000000187c8       0x24 lib/syslog.o
                                         0x50 (size before relaxing)
 .eh_frame      0x00000000000187ec      0x150 fs/main.o
                                        0x190 (size before relaxing)
 .eh_frame      0x000000000001893c      0x13c fs/open.o
                                        0x17c (size before relaxing)
 .eh_frame      0x0000000000018a78       0x50 fs/misc.o
                                         0x90 (size before relaxing)
 .eh_frame      0x0000000000018ac8       0x30 fs/read_write.o
                                         0x5c (size before relaxing)
 .eh_frame      0x0000000000018af8       0x30 fs/link.o
                                         0x5c (size before relaxing)
 .eh_frame      0x0000000000018b28       0x84 fs/disklog.o
                                         0xb0 (size before relaxing)
 *(.eh_frame.*)

.gcc_except_table
 *(.gcc_except_table .gcc_except_table.*)

.gnu_extab
 *(.gnu_extab*)

.exception_ranges
 *(.exception_ranges .exception_ranges*)
                0x000000000001a000                . = DATA_SEGMENT_ALIGN (CONSTANT (MAXPAGESIZE), CONSTANT (COMMONPAGESIZE))

.eh_frame
 *(.eh_frame)
 *(.eh_frame.*)

.gnu_extab
 *(.gnu_extab)

.gcc_except_table
 *(.gcc_except_table .gcc_except_table.*)

.exception_ranges
 *(.exception_ranges .exception_ranges*)

.tdata
 *(.tdata .tdata.* .gnu.linkonce.td.*)

.tbss
 *(.tbss .tbss.* .gnu.linkonce.tb.*)
 *(.tcommon)

.preinit_array  0x000000000001a000        0x0
                [!provide]                        PROVIDE (__preinit_array_start = .)
 *(.preinit_array)
                [!provide]                        PROVIDE (__preinit_array_end = .)

.init_array     0x000000000001a000        0x0
                [!provide]                        PROVIDE (__init_array_start = .)
 *(SORT_BY_INIT_PRIORITY(.init_array.*) SORT_BY_INIT_PRIORITY(.ctors.*))
 *(.init_array EXCLUDE_FILE(*crtend?.o *crtend.o *crtbegin?.o *crtbegin.o) .ctors)
                [!provide]                        PROVIDE (__init_array_end = .)

.fini_array     0x000000000001a000        0x0
                [!provide]                        PROVIDE (__fini_array_start = .)
 *(SORT_BY_INIT_PRIORITY(.fini_array.*) SORT_BY_INIT_PRIORITY(.dtors.*))
 *(.fini_array EXCLUDE_FILE(*crtend?.o *crtend.o *crtbegin?.o *crtbegin.o) .dtors)
                [!provide]                        PROVIDE (__fini_array_end = .)

.ctors
 *crtbegin.o(.ctors)
 *crtbegin?.o(.ctors)
 *(EXCLUDE_FILE(*crtend?.o *crtend.o) .ctors)
 *(SORT_BY_NAME(.ctors.*))
 *(.ctors)

.dtors
 *crtbegin.o(.dtors)
 *crtbegin?.o(.dtors)
 *(EXCLUDE_FILE(*crtend?.o *crtend.o) .dtors)
 *(SORT_BY_NAME(.dtors.*))
 *(.dtors)

.jcr
 *(.jcr)

.data.rel.ro
 *(.data.rel.ro.local* .gnu.linkonce.d.rel.ro.local.*)
 *(.data.rel.ro .data.rel.ro.* .gnu.linkonce.d.rel.ro.*)

.dynamic
 *(.dynamic)

.got            0x000000000001a000        0x0
 *(.got)
 .got           0x000000000001a000        0x0 kernel/kernel.o
 *(.igot)
                0x000000000001aff4                . = DATA_SEGMENT_RELRO_END (., (SIZEOF (.got.plt) >= 0xc)?0xc:0x0)

.got.plt        0x000000000001a000        0xc
 *(.got.plt)
 .got.plt       0x000000000001a000        0xc kernel/kernel.o
                0x000000000001a000                _GLOBAL_OFFSET_TABLE_
 *(.igot.plt)
 .igot.plt      0x000000000001a00c        0x0 kernel/kernel.o

.data           0x000000000001a020      0x7c4
 *(.data .data.* .gnu.linkonce.d.*)
 .data          0x000000000001a020        0x2 kernel/kernel.o
 .data          0x000000000001a022        0x0 kernel/start.o
 *fill*         0x000000000001a022       0x1e 
 .data          0x000000000001a040       0x34 kernel/main.o
                0x000000000001a040                day_of_month
                0x000000000001a070                next
 .data          0x000000000001a074        0x0 kernel/clock.o
 *fill*         0x000000000001a074        0xc 
 .data          0x000000000001a080      0x600 kernel/keyboard.o
                0x000000000001a080                keymap
 .data          0x000000000001a680       0x22 kernel/tty.o
 .data          0x000000000001a6a2        0x0 kernel/console.o
 .data          0x000000000001a6a2        0x0 kernel/i8259.o
 *fill*         0x000000000001a6a2        0x2 
 .data          0x000000000001a6a4       0x1c kernel/global.o
                0x000000000001a6a4                dd_map
                0x000000000001a6bc                fsbuf
 .data.rel      0x000000000001a6c0      0x124 kernel/global.o
                0x000000000001a6c0                task_table
                0x000000000001a760                user_proc_table
                0x000000000001a7d8                sys_call_table
 .data          0x000000000001a7e4        0x0 kernel/protect.o
 .data          0x000000000001a7e4        0x0 kernel/proc.o
 .data          0x000000000001a7e4        0x0 kernel/systask.o
 .data          0x000000000001a7e4        0x0 kernel/hd.o
 .data          0x000000000001a7e4        0x0 lib/printf.o
 .data          0x000000000001a7e4        0x0 lib/vsprintf.o
 .data          0x000000000001a7e4        0x0 lib/klib.o
 .data          0x000000000001a7e4        0x0 lib/misc.o
 .data          0x000000000001a7e4        0x0 lib/open.o
 .data          0x000000000001a7e4        0x0 lib/read.o
 .data          0x000000000001a7e4        0x0 lib/write.o
 .data          0x000000000001a7e4        0x0 lib/close.o
 .data          0x000000000001a7e4        0x0 lib/unlink.o
 .data          0x000000000001a7e4        0x0 lib/getpid.o
 .data          0x000000000001a7e4        0x0 lib/syslog.o
 .data          0x000000000001a7e4        0x0 fs/main.o
 .data          0x000000000001a7e4        0x0 fs/open.o
 .data          0x000000000001a7e4        0x0 fs/misc.o
 .data          0x000000000001a7e4        0x0 fs/read_write.o
 .data          0x000000000001a7e4        0x0 fs/link.o
 .data          0x000000000001a7e4        0x0 fs/disklog.o

.data1
 *(.data1)
                0x000000000001a7e4                _edata = .
                [!provide]                        PROVIDE (edata = .)
                0x000000000001a7e4                . = .
                0x000000000001a7e4                __bss_start = .

.bss            0x000000000001a800    0x402b8
 *(.dynbss)
 *(.bss .bss.* .gnu.linkonce.b.*)
 .bss           0x000000000001a800      0x800 kernel/kernel.o
 .bss           0x000000000001b000        0x0 kernel/start.o
 .bss           0x000000000001b000        0xc kernel/main.o
                0x000000000001b000                token
                0x000000000001b004                fileIDCount
                0x000000000001b008                currentFileID
 .bss           0x000000000001b00c        0x0 kernel/clock.o
 *fill*         0x000000000001b00c       0x14 
 .bss           0x000000000001b020       0x58 kernel/keyboard.o
 .bss           0x000000000001b078        0x0 kernel/tty.o
 .bss           0x000000000001b078        0x0 kernel/console.o
 .bss           0x000000000001b078        0x0 kernel/i8259.o
 .bss           0x000000000001b078        0x0 kernel/global.o
 .bss           0x000000000001b078        0x0 kernel/protect.o
 .bss           0x000000000001b078        0x0 kernel/proc.o
 .bss           0x000000000001b078        0x0 kernel/systask.o
 *fill*         0x000000000001b078        0x8 
 .bss           0x000000000001b080      0x64c kernel/hd.o
 .bss           0x000000000001b6cc        0x0 lib/printf.o
 .bss           0x000000000001b6cc        0x0 lib/vsprintf.o
 .bss           0x000000000001b6cc        0x0 lib/klib.o
 .bss           0x000000000001b6cc        0x0 lib/misc.o
 .bss           0x000000000001b6cc        0x0 lib/open.o
 .bss           0x000000000001b6cc        0x0 lib/read.o
 .bss           0x000000000001b6cc        0x0 lib/write.o
 .bss           0x000000000001b6cc        0x0 lib/close.o
 .bss           0x000000000001b6cc        0x0 lib/unlink.o
 .bss           0x000000000001b6cc        0x0 lib/getpid.o
 .bss           0x000000000001b6cc        0x0 lib/syslog.o
 .bss           0x000000000001b6cc        0x0 fs/main.o
 .bss           0x000000000001b6cc        0x0 fs/open.o
 .bss           0x000000000001b6cc        0x0 fs/misc.o
 .bss           0x000000000001b6cc        0x0 fs/read_write.o
 .bss           0x000000000001b6cc        0x0 fs/link.o
 *fill*         0x000000000001b6cc       0x14 
 .bss           0x000000000001b6e0      0x208 fs/disklog.o
 *(COMMON)
 *fill*         0x000000000001b8e8       0x18 
 COMMON         0x000000000001b900     0x37d8 kernel/main.o
                0x000000000001b900                current_year
                0x000000000001b920                bitmap
                0x000000000001bab0                month
                0x000000000001bac0                blocks
                0x000000000001ecc0                current_month
                0x000000000001ecc4                year
                0x000000000001ecc8                day
                0x000000000001ece0                formula
                0x000000000001eee0                Input
                0x000000000001f0d4                current_day
 *fill*         0x000000000001f0d8        0x8 
 COMMON         0x000000000001f0e0    0x3b9c8 kernel/global.o
                0x000000000001f0e0                idt_ptr
                0x000000000001f100                inode_table
                0x000000000001fc00                task_stack
                0x0000000000057c00                k_reenter
                0x0000000000057c20                gdt
                0x0000000000058020                current_console
                0x0000000000058024                pcaller
                0x0000000000058040                tty_table
                0x00000000000590e0                tss
                0x0000000000059160                fs_msg
                0x00000000000591a0                f_desc_table
                0x00000000000594a0                root_inode
                0x00000000000594a4                disp_pos
                0x00000000000594a8                key_pressed
                0x00000000000594ac                gdt_ptr
                0x00000000000594c0                idt
                0x0000000000059cc0                super_block
                0x0000000000059ea0                ticks
                0x0000000000059ec0                console_table
                0x0000000000059f20                irq_table
                0x0000000000059f60                p_proc_ready
                0x0000000000059f80                proc_table
 COMMON         0x000000000005aaa8       0x10 kernel/hd.o
                0x000000000005aaa8                PARTITION_ENTRY
                0x000000000005aab8                . = ALIGN ((. != 0x0)?0x4:0x1)
                0x000000000005aab8                . = ALIGN (0x4)
                0x000000000005aab8                . = SEGMENT_START ("ldata-segment", .)
                0x000000000005aab8                . = ALIGN (0x4)
                0x000000000005aab8                _end = .
                [!provide]                        PROVIDE (end = .)
                0x000000000005aab8                . = DATA_SEGMENT_END (.)

.stab
 *(.stab)

.stabstr
 *(.stabstr)

.stab.excl
 *(.stab.excl)

.stab.exclstr
 *(.stab.exclstr)

.stab.index
 *(.stab.index)

.stab.indexstr
 *(.stab.indexstr)

.comment        0x0000000000000000       0x24
 *(.comment)
 .comment       0x0000000000000000       0x24 kernel/start.o
                                         0x25 (size before relaxing)
 .comment       0x0000000000000024       0x25 kernel/main.o
 .comment       0x0000000000000024       0x25 kernel/clock.o
 .comment       0x0000000000000024       0x25 kernel/keyboard.o
 .comment       0x0000000000000024       0x25 kernel/tty.o
 .comment       0x0000000000000024       0x25 kernel/console.o
 .comment       0x0000000000000024       0x25 kernel/i8259.o
 .comment       0x0000000000000024       0x25 kernel/global.o
 .comment       0x0000000000000024       0x25 kernel/protect.o
 .comment       0x0000000000000024       0x25 kernel/proc.o
 .comment       0x0000000000000024       0x25 kernel/systask.o
 .comment       0x0000000000000024       0x25 kernel/hd.o
 .comment       0x0000000000000024       0x25 lib/printf.o
 .comment       0x0000000000000024       0x25 lib/vsprintf.o
 .comment       0x0000000000000024       0x25 lib/klib.o
 .comment       0x0000000000000024       0x25 lib/misc.o
 .comment       0x0000000000000024       0x25 lib/open.o
 .comment       0x0000000000000024       0x25 lib/read.o
 .comment       0x0000000000000024       0x25 lib/write.o
 .comment       0x0000000000000024       0x25 lib/close.o
 .comment       0x0000000000000024       0x25 lib/unlink.o
 .comment       0x0000000000000024       0x25 lib/getpid.o
 .comment       0x0000000000000024       0x25 lib/syslog.o
 .comment       0x0000000000000024       0x25 fs/main.o
 .comment       0x0000000000000024       0x25 fs/open.o
 .comment       0x0000000000000024       0x25 fs/misc.o
 .comment       0x0000000000000024       0x25 fs/read_write.o
 .comment       0x0000000000000024       0x25 fs/link.o
 .comment       0x0000000000000024       0x25 fs/disklog.o

.debug
 *(.debug)

.line
 *(.line)

.debug_srcinfo
 *(.debug_srcinfo)

.debug_sfnames
 *(.debug_sfnames)

.debug_aranges
 *(.debug_aranges)

.debug_pubnames
 *(.debug_pubnames)

.debug_info
 *(.debug_info .gnu.linkonce.wi.*)

.debug_abbrev
 *(.debug_abbrev)

.debug_line
 *(.debug_line .debug_line.* .debug_line_end)

.debug_frame
 *(.debug_frame)

.debug_str
 *(.debug_str)

.debug_loc
 *(.debug_loc)

.debug_macinfo
 *(.debug_macinfo)

.debug_weaknames
 *(.debug_weaknames)

.debug_funcnames
 *(.debug_funcnames)

.debug_typenames
 *(.debug_typenames)

.debug_varnames
 *(.debug_varnames)

.debug_pubtypes
 *(.debug_pubtypes)

.debug_ranges
 *(.debug_ranges)

.debug_macro
 *(.debug_macro)

.debug_addr
 *(.debug_addr)

.gnu.attributes
 *(.gnu.attributes)

/DISCARD/
 *(.note.GNU-stack)
 *(.gnu_debuglink)
 *(.gnu.lto_*)
OUTPUT(kernel.bin elf32-i386)
