
Allocating common symbols
Common symbol       size              file

idt_ptr             0x6               kernel/global.o
current_year        0x4               kernel/main.o
inode_table         0xb00             kernel/global.o
task_stack          0x38000           kernel/global.o
k_reenter           0x4               kernel/global.o
gdt                 0x400             kernel/global.o
month               0x4               kernel/main.o
current_console     0x4               kernel/global.o
pcaller             0x4               kernel/global.o
tty_table           0x1090            kernel/global.o
maze                0x19              kernel/main.o
blocks              0x3200            kernel/main.o
tss                 0x68              kernel/global.o
fs_msg              0x30              kernel/global.o
f_desc_table        0x300             kernel/global.o
root_inode          0x4               kernel/global.o
current_month       0x4               kernel/main.o
disp_pos            0x4               kernel/global.o
key_pressed         0x4               kernel/global.o
gdt_ptr             0x6               kernel/global.o
idt                 0x800             kernel/global.o
super_block         0x1e0             kernel/global.o
year                0x4               kernel/main.o
PARTITION_ENTRY     0x10              kernel/hd.o
ticks               0x4               kernel/global.o
day                 0x4               kernel/main.o
array               0x12c             kernel/main.o
formula             0x1f4             kernel/main.o
Input               0x1f4             kernel/main.o
console_table       0x50              kernel/global.o
IDLog               0x190             kernel/main.o
irq_table           0x40              kernel/global.o
p_proc_ready        0x4               kernel/global.o
proc_table          0xb28             kernel/global.o
current_day         0x4               kernel/main.o
Point               0xc               kernel/main.o

Discarded input sections

 .note.GNU-stack
                0x0000000000000000        0x0 kernel/start.o
 .note.GNU-stack
                0x0000000000000000        0x0 kernel/main.o
 .note.GNU-stack
                0x0000000000000000        0x0 kernel/clock.o
 .note.GNU-stack
                0x0000000000000000        0x0 kernel/keyboard.o
 .note.GNU-stack
                0x0000000000000000        0x0 kernel/tty.o
 .note.GNU-stack
                0x0000000000000000        0x0 kernel/console.o
 .note.GNU-stack
                0x0000000000000000        0x0 kernel/i8259.o
 .note.GNU-stack
                0x0000000000000000        0x0 kernel/global.o
 .note.GNU-stack
                0x0000000000000000        0x0 kernel/protect.o
 .note.GNU-stack
                0x0000000000000000        0x0 kernel/proc.o
 .note.GNU-stack
                0x0000000000000000        0x0 kernel/systask.o
 .note.GNU-stack
                0x0000000000000000        0x0 kernel/hd.o
 .note.GNU-stack
                0x0000000000000000        0x0 lib/printf.o
 .note.GNU-stack
                0x0000000000000000        0x0 lib/vsprintf.o
 .note.GNU-stack
                0x0000000000000000        0x0 lib/klib.o
 .note.GNU-stack
                0x0000000000000000        0x0 lib/misc.o
 .note.GNU-stack
                0x0000000000000000        0x0 lib/open.o
 .note.GNU-stack
                0x0000000000000000        0x0 lib/read.o
 .note.GNU-stack
                0x0000000000000000        0x0 lib/write.o
 .note.GNU-stack
                0x0000000000000000        0x0 lib/close.o
 .note.GNU-stack
                0x0000000000000000        0x0 lib/unlink.o
 .note.GNU-stack
                0x0000000000000000        0x0 lib/getpid.o
 .note.GNU-stack
                0x0000000000000000        0x0 lib/syslog.o
 .note.GNU-stack
                0x0000000000000000        0x0 fs/main.o
 .note.GNU-stack
                0x0000000000000000        0x0 fs/open.o
 .note.GNU-stack
                0x0000000000000000        0x0 fs/misc.o
 .note.GNU-stack
                0x0000000000000000        0x0 fs/read_write.o
 .note.GNU-stack
                0x0000000000000000        0x0 fs/link.o
 .note.GNU-stack
                0x0000000000000000        0x0 fs/disklog.o

Memory Configuration

Name             Origin             Length             Attributes
*default*        0x0000000000000000 0xffffffffffffffff

Linker script and memory map

Address of section .text set to 0x1000
LOAD kernel/kernel.o
LOAD lib/syscall.o
LOAD kernel/start.o
LOAD kernel/main.o
LOAD kernel/clock.o
LOAD kernel/keyboard.o
LOAD kernel/tty.o
LOAD kernel/console.o
LOAD kernel/i8259.o
LOAD kernel/global.o
LOAD kernel/protect.o
LOAD kernel/proc.o
LOAD kernel/systask.o
LOAD kernel/hd.o
LOAD lib/printf.o
LOAD lib/vsprintf.o
LOAD lib/kliba.o
LOAD lib/klib.o
LOAD lib/string.o
LOAD lib/misc.o
LOAD lib/open.o
LOAD lib/read.o
LOAD lib/write.o
LOAD lib/close.o
LOAD lib/unlink.o
LOAD lib/getpid.o
LOAD lib/syslog.o
LOAD fs/main.o
LOAD fs/open.o
LOAD fs/misc.o
LOAD fs/read_write.o
LOAD fs/link.o
LOAD fs/disklog.o
                [!provide]                        PROVIDE (__executable_start, 0x8048000)
                0x0000000008048094                . = (0x8048000 + SIZEOF_HEADERS)

.interp
 *(.interp)

.note.gnu.build-id
 *(.note.gnu.build-id)

.hash
 *(.hash)

.gnu.hash
 *(.gnu.hash)

.dynsym
 *(.dynsym)

.dynstr
 *(.dynstr)

.gnu.version
 *(.gnu.version)

.gnu.version_d
 *(.gnu.version_d)

.gnu.version_r
 *(.gnu.version_r)

.rel.dyn        0x0000000008048094        0x0
 *(.rel.init)
 *(.rel.text .rel.text.* .rel.gnu.linkonce.t.*)
 .rel.text      0x0000000008048094        0x0 kernel/kernel.o
 *(.rel.fini)
 *(.rel.rodata .rel.rodata.* .rel.gnu.linkonce.r.*)
 *(.rel.data.rel.ro .rel.data.rel.ro.* .rel.gnu.linkonce.d.rel.ro.*)
 *(.rel.data .rel.data.* .rel.gnu.linkonce.d.*)
 .rel.data      0x0000000008048094        0x0 kernel/kernel.o
 *(.rel.tdata .rel.tdata.* .rel.gnu.linkonce.td.*)
 *(.rel.tbss .rel.tbss.* .rel.gnu.linkonce.tb.*)
 *(.rel.ctors)
 *(.rel.dtors)
 *(.rel.got)
 *(.rel.bss .rel.bss.* .rel.gnu.linkonce.b.*)
 *(.rel.ifunc)

.rel.plt        0x0000000008048094        0x0
 *(.rel.plt)
                [!provide]                        PROVIDE (__rel_iplt_start, .)
 *(.rel.iplt)
 .rel.iplt      0x0000000008048094        0x0 kernel/kernel.o
                [!provide]                        PROVIDE (__rel_iplt_end, .)

.init
 *(SORT(.init))

.plt            0x00000000080480a0        0x0
 *(.plt)
 *(.iplt)
 .iplt          0x00000000080480a0        0x0 kernel/kernel.o

.plt.got
 *(.plt.got)

.text           0x0000000000001000    0x10291
 *(.text.unlikely .text.*_unlikely .text.unlikely.*)
 *(.text.exit .text.exit.*)
 *(.text.startup .text.startup.*)
 *(.text.hot .text.hot.*)
 *(.text .stub .text.* .gnu.linkonce.t.*)
 .text          0x0000000000001000      0x410 kernel/kernel.o
                0x0000000000001000                _start
                0x0000000000001040                hwint00
                0x0000000000001070                hwint01
                0x00000000000010a0                hwint02
                0x00000000000010d0                hwint03
                0x0000000000001100                hwint04
                0x0000000000001130                hwint05
                0x0000000000001160                hwint06
                0x0000000000001190                hwint07
                0x00000000000011c0                hwint08
                0x00000000000011f0                hwint09
                0x0000000000001220                hwint10
                0x0000000000001250                hwint11
                0x0000000000001280                hwint12
                0x00000000000012b0                hwint13
                0x00000000000012e0                hwint14
                0x0000000000001310                hwint15
                0x0000000000001334                divide_error
                0x000000000000133a                single_step_exception
                0x0000000000001340                nmi
                0x0000000000001346                breakpoint_exception
                0x000000000000134c                overflow
                0x0000000000001352                bounds_check
                0x0000000000001358                inval_opcode
                0x000000000000135e                copr_not_available
                0x0000000000001364                double_fault
                0x0000000000001368                copr_seg_overrun
                0x000000000000136e                inval_tss
                0x0000000000001372                segment_not_present
                0x0000000000001376                stack_exception
                0x000000000000137a                general_protection
                0x000000000000137e                page_fault
                0x0000000000001382                copr_error
                0x00000000000013cb                sys_call
                0x00000000000013eb                restart
 .text          0x0000000000001410       0x28 lib/syscall.o
                0x0000000000001410                sendrec
                0x000000000000142a                printx
 .text          0x0000000000001438       0x95 kernel/start.o
                0x0000000000001438                cstart
 .text          0x00000000000014cd     0x6eca kernel/main.o
                0x00000000000014cd                boxman
                0x0000000000003102                draw_map
                0x0000000000003201                Christmas
                0x000000000000340f                computer_game
                0x00000000000034b1                Guessing
                0x00000000000037d1                gameShow
                0x0000000000003845                search_calcu
                0x0000000000003926                search_print
                0x0000000000003a3b                game
                0x0000000000003cc5                judgement
                0x0000000000003d29                show_week
                0x0000000000003e86                print_year
                0x00000000000040a1                print_year_month
                0x0000000000004314                print
                0x00000000000047d7                Carlendar
                0x0000000000004cba                Push
                0x0000000000004d32                Pop
                0x0000000000004da7                InitArray
                0x0000000000004dda                MazeStart
                0x0000000000005147                initFileBlock
                0x00000000000051b3                toStr3
                0x000000000000528b                WriteDisk
                0x000000000000564f                toInt
                0x0000000000005698                ReadDisk
                0x0000000000005979                FSInit
                0x0000000000005a35                CreateFIle
                0x0000000000005b9a                showFileList
                0x0000000000005c9d                SearchFile
                0x0000000000005d1d                ReturnFile
                0x0000000000005d35                DeleteFile
                0x0000000000005e78                ShowMessage
                0x0000000000005f31                InitFormula
                0x0000000000006014                level1
                0x000000000000609b                level2
                0x0000000000006122                level3
                0x0000000000006189                IsAllowed
                0x00000000000061ed                IsBlank
                0x0000000000006219                Transfer
                0x0000000000006322                kernel_main
                0x00000000000065a5                get_ticks
                0x00000000000065d9                TestA
                0x0000000000007686                TestB
                0x0000000000007e5a                TestC
                0x0000000000007e73                timer
                0x0000000000007f39                startAnimate
                0x0000000000008081                panic
                0x00000000000080ca                clear
                0x000000000000812e                help
                0x0000000000008217                ProcessManage
 .text          0x0000000000008397      0x182 kernel/clock.o
                0x0000000000008397                clock_handler
                0x0000000000008487                milli_delay
                0x00000000000084c1                init_clock
 .text          0x0000000000008519      0x6da kernel/keyboard.o
                0x0000000000008519                keyboard_handler
                0x0000000000008583                init_keyboard
                0x0000000000008632                keyboard_read
 .text          0x0000000000008bf3      0x9c1 kernel/tty.o
                0x0000000000008bf3                task_tty
                0x0000000000008da3                in_process
                0x00000000000092b4                sys_printx
                0x0000000000009453                dump_tty_buf
 .text          0x00000000000095b4      0x7d0 kernel/console.o
                0x00000000000095b4                init_screen
                0x0000000000009721                out_char
                0x00000000000099c4                clear_screen
                0x00000000000099fe                is_current_console
                0x0000000000009a21                set_cursor
                0x0000000000009a89                set_video_start_addr
                0x0000000000009af1                select_console
                0x0000000000009b31                scroll_screen
                0x0000000000009d15                flush
 .text          0x0000000000009d84      0x130 kernel/i8259.o
                0x0000000000009d84                init_8259A
                0x0000000000009e59                spurious_irq
                0x0000000000009e90                put_irq_handler
 .text          0x0000000000009eb4        0x0 kernel/global.o
 .text          0x0000000000009eb4      0x614 kernel/protect.o
                0x0000000000009eb4                init_prot
                0x000000000000a2d1                seg2phys
                0x000000000000a38d                exception_handler
 .text          0x000000000000a4c8     0x1772 kernel/proc.o
                0x000000000000a4c8                schedule
                0x000000000000a554                sys_sendrec
                0x000000000000a674                send_recv
                0x000000000000a731                ldt_seg_linear
                0x000000000000a77b                va2la
                0x000000000000a7dc                reset_msg
                0x000000000000b633                inform_int
                0x000000000000b7bb                dump_proc
                0x000000000000bb2d                dump_msg
 .text          0x000000000000bc3a       0x82 kernel/systask.o
                0x000000000000bc3a                task_sys
 .text          0x000000000000bcbc      0xe1f kernel/hd.o
                0x000000000000bcbc                task_hd
                0x000000000000cab0                hd_handler
 .text          0x000000000000cadb       0xad lib/printf.o
                0x000000000000cadb                printf
                0x000000000000cb46                printl
 .text          0x000000000000cb88      0x305 lib/vsprintf.o
                0x000000000000cbe6                vsprintf
                0x000000000000ce67                sprintf
 *fill*         0x000000000000ce8d        0x3 
 .text          0x000000000000ce90      0x19a lib/kliba.o
                0x000000000000ce90                disp_str
                0x000000000000cece                disp_color_str
                0x000000000000cf0d                out_byte
                0x000000000000cf19                in_byte
                0x000000000000cf23                port_read
                0x000000000000cf36                port_write
                0x000000000000cf49                disable_irq
                0x000000000000cf7e                enable_irq
                0x000000000000cf9d                disable_int
                0x000000000000cf9f                enable_int
                0x000000000000cfa1                glitter
 .text          0x000000000000d02a      0x351 lib/klib.o
                0x000000000000d02a                itoa
                0x000000000000d0d5                itoaDec
                0x000000000000d253                atoi
                0x000000000000d30d                disp_int
                0x000000000000d334                delay
 *fill*         0x000000000000d37b        0x5 
 .text          0x000000000000d380       0x78 lib/string.o
                0x000000000000d380                memcpy
                0x000000000000d3a9                memset
                0x000000000000d3ca                strcpy
                0x000000000000d3e2                strlen
 .text          0x000000000000d3f8      0x19c lib/misc.o
                0x000000000000d3f8                memcmp
                0x000000000000d46e                strcmp
                0x000000000000d4e1                strcat
                0x000000000000d540                spin
                0x000000000000d55b                assertion_failure
 .text          0x000000000000d594       0x63 lib/open.o
                0x000000000000d594                open
 .text          0x000000000000d5f7       0x37 lib/read.o
                0x000000000000d5f7                read
 .text          0x000000000000d62e       0x37 lib/write.o
                0x000000000000d62e                write
 .text          0x000000000000d665       0x2b lib/close.o
                0x000000000000d665                close
 .text          0x000000000000d690       0x3c lib/unlink.o
                0x000000000000d690                unlink
 .text          0x000000000000d6cc       0x46 lib/getpid.o
                0x000000000000d6cc                getpid
 .text          0x000000000000d712       0xd1 lib/syslog.o
                0x000000000000d712                syslog
 .text          0x000000000000d7e3      0xd61 fs/main.o
                0x000000000000d7e3                task_fs
                0x000000000000e03b                rw_sector
                0x000000000000e25e                get_super_block
                0x000000000000e2a4                get_inode
                0x000000000000e407                put_inode
                0x000000000000e445                sync_inode
 .text          0x000000000000e544      0xa95 fs/open.o
                0x000000000000e544                do_open
                0x000000000000e994                do_close
                0x000000000000e9f0                do_lseek
 .text          0x000000000000efd9      0x1e1 fs/misc.o
                0x000000000000efd9                search_file
                0x000000000000f12f                strip_path
 .text          0x000000000000f1ba      0x49a fs/read_write.o
                0x000000000000f1ba                do_rdwt
 .text          0x000000000000f654      0x808 fs/link.o
                0x000000000000f654                do_unlink
 .text          0x000000000000fe5c     0x1435 fs/disklog.o
                0x000000000000fe5c                do_disklog
                0x000000000000fef7                disklog
                0x00000000000103d2                dump_fd_graph
 *(.gnu.warning)

.fini
 *(SORT(.fini))
                [!provide]                        PROVIDE (__etext, .)
                [!provide]                        PROVIDE (_etext, .)
                [!provide]                        PROVIDE (etext, .)

.rodata         0x00000000000112a0     0x50f7
 *(.rodata .rodata.* .gnu.linkonce.r.*)
 .rodata        0x00000000000112a0       0x47 kernel/start.o
 *fill*         0x00000000000112e7       0x19 
 .rodata        0x0000000000011300     0x33d8 kernel/main.o
 .rodata        0x00000000000146d8       0x64 kernel/keyboard.o
 .rodata        0x000000000001473c      0x13c kernel/tty.o
 .rodata        0x0000000000014878       0x5b kernel/console.o
 .rodata        0x00000000000148d3       0x11 kernel/i8259.o
 .rodata        0x00000000000148e4        0x4 kernel/global.o
                0x00000000000148e4                FSBUF_SIZE
 *fill*         0x00000000000148e8       0x18 
 .rodata        0x0000000000014900      0x540 kernel/protect.o
 .rodata        0x0000000000014e40      0x62e kernel/proc.o
 .rodata        0x000000000001546e       0x11 kernel/systask.o
 *fill*         0x000000000001547f        0x1 
 .rodata        0x0000000000015480      0x1ba kernel/hd.o
 .rodata        0x000000000001563a       0x14 lib/printf.o
 *fill*         0x000000000001564e        0x2 
 .rodata        0x0000000000015650       0x61 lib/misc.o
 .rodata        0x00000000000156b1       0x23 lib/open.o
 .rodata        0x00000000000156d4       0x25 lib/getpid.o
 .rodata        0x00000000000156f9       0x32 lib/syslog.o
 *fill*         0x000000000001572b        0x1 
 .rodata        0x000000000001572c      0x206 fs/main.o
 *fill*         0x0000000000015932        0x2 
 .rodata        0x0000000000015934      0x138 fs/open.o
 .rodata        0x0000000000015a6c      0x164 fs/read_write.o
 .rodata        0x0000000000015bd0      0x19d fs/link.o
 *fill*         0x0000000000015d6d        0x3 
 .rodata        0x0000000000015d70      0x627 fs/disklog.o

.rodata1
 *(.rodata1)

.eh_frame_hdr
 *(.eh_frame_hdr)
 *(.eh_frame_entry .eh_frame_entry.*)

.eh_frame       0x0000000000016398     0x1554
 *(.eh_frame)
 .eh_frame      0x0000000000016398       0x38 kernel/start.o
 .eh_frame      0x00000000000163d0      0x638 kernel/main.o
                                        0x650 (size before relaxing)
 .eh_frame      0x0000000000016a08       0x60 kernel/clock.o
                                         0x78 (size before relaxing)
 .eh_frame      0x0000000000016a68       0xe0 kernel/keyboard.o
                                         0xf8 (size before relaxing)
 .eh_frame      0x0000000000016b48      0x13c kernel/tty.o
                                        0x154 (size before relaxing)
 .eh_frame      0x0000000000016c84      0x144 kernel/console.o
                                        0x15c (size before relaxing)
 .eh_frame      0x0000000000016dc8       0x60 kernel/i8259.o
                                         0x78 (size before relaxing)
 .eh_frame      0x0000000000016e28       0xb0 kernel/protect.o
                                         0xc8 (size before relaxing)
 .eh_frame      0x0000000000016ed8      0x1d8 kernel/proc.o
                                        0x1f0 (size before relaxing)
 .eh_frame      0x00000000000170b0       0x1c kernel/systask.o
                                         0x34 (size before relaxing)
 .eh_frame      0x00000000000170cc      0x1f0 kernel/hd.o
                                        0x208 (size before relaxing)
 .eh_frame      0x00000000000172bc       0x40 lib/printf.o
                                         0x58 (size before relaxing)
 .eh_frame      0x00000000000172fc       0x60 lib/vsprintf.o
                                         0x78 (size before relaxing)
 .eh_frame      0x000000000001735c       0xa8 lib/klib.o
                                         0xc0 (size before relaxing)
 .eh_frame      0x0000000000017404       0x9c lib/misc.o
                                         0xb4 (size before relaxing)
 .eh_frame      0x00000000000174a0       0x20 lib/open.o
                                         0x38 (size before relaxing)
 .eh_frame      0x00000000000174c0       0x20 lib/read.o
                                         0x38 (size before relaxing)
 .eh_frame      0x00000000000174e0       0x20 lib/write.o
                                         0x38 (size before relaxing)
 .eh_frame      0x0000000000017500       0x20 lib/close.o
                                         0x38 (size before relaxing)
 .eh_frame      0x0000000000017520       0x20 lib/unlink.o
                                         0x38 (size before relaxing)
 .eh_frame      0x0000000000017540       0x20 lib/getpid.o
                                         0x38 (size before relaxing)
 .eh_frame      0x0000000000017560       0x20 lib/syslog.o
                                         0x38 (size before relaxing)
 .eh_frame      0x0000000000017580      0x130 fs/main.o
                                        0x148 (size before relaxing)
 .eh_frame      0x00000000000176b0      0x120 fs/open.o
                                        0x138 (size before relaxing)
 .eh_frame      0x00000000000177d0       0x44 fs/misc.o
                                         0x5c (size before relaxing)
 .eh_frame      0x0000000000017814       0x2c fs/read_write.o
                                         0x44 (size before relaxing)
 .eh_frame      0x0000000000017840       0x2c fs/link.o
                                         0x44 (size before relaxing)
 .eh_frame      0x000000000001786c       0x80 fs/disklog.o
                                         0x98 (size before relaxing)
 *(.eh_frame.*)

.gcc_except_table
 *(.gcc_except_table .gcc_except_table.*)

.gnu_extab
 *(.gnu_extab*)

.exception_ranges
 *(.exception_ranges .exception_ranges*)
                0x0000000000018000                . = DATA_SEGMENT_ALIGN (0x1000, 0x1000)

.eh_frame
 *(.eh_frame)
 *(.eh_frame.*)

.gnu_extab
 *(.gnu_extab)

.gcc_except_table
 *(.gcc_except_table .gcc_except_table.*)

.exception_ranges
 *(.exception_ranges .exception_ranges*)

.tdata
 *(.tdata .tdata.* .gnu.linkonce.td.*)

.tbss
 *(.tbss .tbss.* .gnu.linkonce.tb.*)
 *(.tcommon)

.preinit_array  0x0000000000018000        0x0
                [!provide]                        PROVIDE (__preinit_array_start, .)
 *(.preinit_array)
                [!provide]                        PROVIDE (__preinit_array_end, .)

.init_array     0x0000000000018000        0x0
                [!provide]                        PROVIDE (__init_array_start, .)
 *(SORT(.init_array.*) SORT(.ctors.*))
 *(.init_array EXCLUDE_FILE(*crtend?.o *crtend.o *crtbegin?.o *crtbegin.o) .ctors)
                [!provide]                        PROVIDE (__init_array_end, .)

.fini_array     0x0000000000018000        0x0
                [!provide]                        PROVIDE (__fini_array_start, .)
 *(SORT(.fini_array.*) SORT(.dtors.*))
 *(.fini_array EXCLUDE_FILE(*crtend?.o *crtend.o *crtbegin?.o *crtbegin.o) .dtors)
                [!provide]                        PROVIDE (__fini_array_end, .)

.ctors
 *crtbegin.o(.ctors)
 *crtbegin?.o(.ctors)
 *(EXCLUDE_FILE(*crtend?.o *crtend.o) .ctors)
 *(SORT(.ctors.*))
 *(.ctors)

.dtors
 *crtbegin.o(.dtors)
 *crtbegin?.o(.dtors)
 *(EXCLUDE_FILE(*crtend?.o *crtend.o) .dtors)
 *(SORT(.dtors.*))
 *(.dtors)

.jcr
 *(.jcr)

.data.rel.ro
 *(.data.rel.ro.local* .gnu.linkonce.d.rel.ro.local.*)
 *(.data.rel.ro .data.rel.ro.* .gnu.linkonce.d.rel.ro.*)

.dynamic
 *(.dynamic)

.got
 *(.got)
 *(.igot)
                0x0000000000018000                . = DATA_SEGMENT_RELRO_END (., (SIZEOF (.got.plt) >= 0xc)?0xc:0x0)

.got.plt        0x0000000000018000        0x0
 *(.got.plt)
 *(.igot.plt)
 .igot.plt      0x0000000000018000        0x0 kernel/kernel.o

.data           0x0000000000018000      0x7e0
 *(.data .data.* .gnu.linkonce.d.*)
 .data          0x0000000000018000        0x2 kernel/kernel.o
 .data          0x0000000000018002        0x0 kernel/start.o
 *fill*         0x0000000000018002       0x1e 
 .data          0x0000000000018020       0x30 kernel/main.o
                0x0000000000018020                day_of_month
 .data          0x0000000000018050        0x0 kernel/clock.o
 *fill*         0x0000000000018050       0x10 
 .data          0x0000000000018060      0x600 kernel/keyboard.o
                0x0000000000018060                keymap
 .data          0x0000000000018660       0x22 kernel/tty.o
 .data          0x0000000000018682        0x0 kernel/console.o
 .data          0x0000000000018682        0x0 kernel/i8259.o
 *fill*         0x0000000000018682       0x1e 
 .data          0x00000000000186a0      0x140 kernel/global.o
                0x00000000000186a0                task_table
                0x0000000000018740                user_proc_table
                0x00000000000187b8                sys_call_table
                0x00000000000187c4                dd_map
                0x00000000000187dc                fsbuf
 .data          0x00000000000187e0        0x0 kernel/protect.o
 .data          0x00000000000187e0        0x0 kernel/proc.o
 .data          0x00000000000187e0        0x0 kernel/systask.o
 .data          0x00000000000187e0        0x0 kernel/hd.o
 .data          0x00000000000187e0        0x0 lib/printf.o
 .data          0x00000000000187e0        0x0 lib/vsprintf.o
 .data          0x00000000000187e0        0x0 lib/klib.o
 .data          0x00000000000187e0        0x0 lib/misc.o
 .data          0x00000000000187e0        0x0 lib/open.o
 .data          0x00000000000187e0        0x0 lib/read.o
 .data          0x00000000000187e0        0x0 lib/write.o
 .data          0x00000000000187e0        0x0 lib/close.o
 .data          0x00000000000187e0        0x0 lib/unlink.o
 .data          0x00000000000187e0        0x0 lib/getpid.o
 .data          0x00000000000187e0        0x0 lib/syslog.o
 .data          0x00000000000187e0        0x0 fs/main.o
 .data          0x00000000000187e0        0x0 fs/open.o
 .data          0x00000000000187e0        0x0 fs/misc.o
 .data          0x00000000000187e0        0x0 fs/read_write.o
 .data          0x00000000000187e0        0x0 fs/link.o
 .data          0x00000000000187e0        0x0 fs/disklog.o

.data1
 *(.data1)
                0x00000000000187e0                _edata = .
                [!provide]                        PROVIDE (edata, .)
                0x00000000000187e0                . = .
                0x00000000000187e0                __bss_start = .

.bss            0x00000000000187e0    0x405d8
 *(.dynbss)
 *(.bss .bss.* .gnu.linkonce.b.*)
 .bss           0x00000000000187e0      0x800 kernel/kernel.o
 .bss           0x0000000000018fe0        0x0 kernel/start.o
 .bss           0x0000000000018fe0      0x1c8 kernel/main.o
                0x0000000000018fe0                pi
                0x0000000000018fe4                pj
                0x0000000000019000                C
                0x0000000000019190                posHeight
                0x0000000000019194                posLength
                0x0000000000019198                l
                0x000000000001919c                fileIDCount
                0x00000000000191a0                currentFileID
                0x00000000000191a4                token
 .bss           0x00000000000191a8        0x0 kernel/clock.o
 *fill*         0x00000000000191a8       0x18 
 .bss           0x00000000000191c0       0x58 kernel/keyboard.o
 .bss           0x0000000000019218        0x0 kernel/tty.o
 .bss           0x0000000000019218        0x0 kernel/console.o
 .bss           0x0000000000019218        0x0 kernel/i8259.o
 .bss           0x0000000000019218        0x0 kernel/global.o
 .bss           0x0000000000019218        0x0 kernel/protect.o
 .bss           0x0000000000019218        0x0 kernel/proc.o
 .bss           0x0000000000019218        0x0 kernel/systask.o
 *fill*         0x0000000000019218        0x8 
 .bss           0x0000000000019220      0x64c kernel/hd.o
 .bss           0x000000000001986c        0x0 lib/printf.o
 .bss           0x000000000001986c        0x0 lib/vsprintf.o
 .bss           0x000000000001986c        0x0 lib/klib.o
 .bss           0x000000000001986c        0x0 lib/misc.o
 .bss           0x000000000001986c        0x0 lib/open.o
 .bss           0x000000000001986c        0x0 lib/read.o
 .bss           0x000000000001986c        0x0 lib/write.o
 .bss           0x000000000001986c        0x0 lib/close.o
 .bss           0x000000000001986c        0x0 lib/unlink.o
 .bss           0x000000000001986c        0x0 lib/getpid.o
 .bss           0x000000000001986c        0x0 lib/syslog.o
 .bss           0x000000000001986c        0x0 fs/main.o
 .bss           0x000000000001986c        0x0 fs/open.o
 .bss           0x000000000001986c        0x0 fs/misc.o
 .bss           0x000000000001986c        0x0 fs/read_write.o
 .bss           0x000000000001986c        0x0 fs/link.o
 *fill*         0x000000000001986c       0x14 
 .bss           0x0000000000019880      0x208 fs/disklog.o
 *(COMMON)
 *fill*         0x0000000000019a88       0x18 
 COMMON         0x0000000000019aa0     0x3940 kernel/main.o
                0x0000000000019aa0                current_year
                0x0000000000019aa4                month
                0x0000000000019aa8                maze
                0x0000000000019ae0                blocks
                0x000000000001cce0                current_month
                0x000000000001cce4                year
                0x000000000001cce8                day
                0x000000000001cd00                array
                0x000000000001ce40                formula
                0x000000000001d040                Input
                0x000000000001d240                IDLog
                0x000000000001d3d0                current_day
                0x000000000001d3d4                Point
 COMMON         0x000000000001d3e0    0x3b9c8 kernel/global.o
                0x000000000001d3e0                idt_ptr
                0x000000000001d400                inode_table
                0x000000000001df00                task_stack
                0x0000000000055f00                k_reenter
                0x0000000000055f20                gdt
                0x0000000000056320                current_console
                0x0000000000056324                pcaller
                0x0000000000056340                tty_table
                0x00000000000573e0                tss
                0x0000000000057460                fs_msg
                0x00000000000574a0                f_desc_table
                0x00000000000577a0                root_inode
                0x00000000000577a4                disp_pos
                0x00000000000577a8                key_pressed
                0x00000000000577ac                gdt_ptr
                0x00000000000577c0                idt
                0x0000000000057fc0                super_block
                0x00000000000581a0                ticks
                0x00000000000581c0                console_table
                0x0000000000058220                irq_table
                0x0000000000058260                p_proc_ready
                0x0000000000058280                proc_table
 COMMON         0x0000000000058da8       0x10 kernel/hd.o
                0x0000000000058da8                PARTITION_ENTRY
                0x0000000000058db8                . = ALIGN ((. != 0x0)?0x4:0x1)
                0x0000000000058db8                . = ALIGN (0x4)
                0x0000000000058db8                . = SEGMENT_START ("ldata-segment", .)
                0x0000000000058db8                . = ALIGN (0x4)
                0x0000000000058db8                _end = .
                [!provide]                        PROVIDE (end, .)
                0x0000000000058db8                . = DATA_SEGMENT_END (.)

.stab
 *(.stab)

.stabstr
 *(.stabstr)

.stab.excl
 *(.stab.excl)

.stab.exclstr
 *(.stab.exclstr)

.stab.index
 *(.stab.index)

.stab.indexstr
 *(.stab.indexstr)

.comment        0x0000000000000000       0x34
 *(.comment)
 .comment       0x0000000000000000       0x34 kernel/start.o
                                         0x35 (size before relaxing)
 .comment       0x0000000000000034       0x35 kernel/main.o
 .comment       0x0000000000000034       0x35 kernel/clock.o
 .comment       0x0000000000000034       0x35 kernel/keyboard.o
 .comment       0x0000000000000034       0x35 kernel/tty.o
 .comment       0x0000000000000034       0x35 kernel/console.o
 .comment       0x0000000000000034       0x35 kernel/i8259.o
 .comment       0x0000000000000034       0x35 kernel/global.o
 .comment       0x0000000000000034       0x35 kernel/protect.o
 .comment       0x0000000000000034       0x35 kernel/proc.o
 .comment       0x0000000000000034       0x35 kernel/systask.o
 .comment       0x0000000000000034       0x35 kernel/hd.o
 .comment       0x0000000000000034       0x35 lib/printf.o
 .comment       0x0000000000000034       0x35 lib/vsprintf.o
 .comment       0x0000000000000034       0x35 lib/klib.o
 .comment       0x0000000000000034       0x35 lib/misc.o
 .comment       0x0000000000000034       0x35 lib/open.o
 .comment       0x0000000000000034       0x35 lib/read.o
 .comment       0x0000000000000034       0x35 lib/write.o
 .comment       0x0000000000000034       0x35 lib/close.o
 .comment       0x0000000000000034       0x35 lib/unlink.o
 .comment       0x0000000000000034       0x35 lib/getpid.o
 .comment       0x0000000000000034       0x35 lib/syslog.o
 .comment       0x0000000000000034       0x35 fs/main.o
 .comment       0x0000000000000034       0x35 fs/open.o
 .comment       0x0000000000000034       0x35 fs/misc.o
 .comment       0x0000000000000034       0x35 fs/read_write.o
 .comment       0x0000000000000034       0x35 fs/link.o
 .comment       0x0000000000000034       0x35 fs/disklog.o

.debug
 *(.debug)

.line
 *(.line)

.debug_srcinfo
 *(.debug_srcinfo)

.debug_sfnames
 *(.debug_sfnames)

.debug_aranges
 *(.debug_aranges)

.debug_pubnames
 *(.debug_pubnames)

.debug_info
 *(.debug_info .gnu.linkonce.wi.*)

.debug_abbrev
 *(.debug_abbrev)

.debug_line
 *(.debug_line .debug_line.* .debug_line_end)

.debug_frame
 *(.debug_frame)

.debug_str
 *(.debug_str)

.debug_loc
 *(.debug_loc)

.debug_macinfo
 *(.debug_macinfo)

.debug_weaknames
 *(.debug_weaknames)

.debug_funcnames
 *(.debug_funcnames)

.debug_typenames
 *(.debug_typenames)

.debug_varnames
 *(.debug_varnames)

.debug_pubtypes
 *(.debug_pubtypes)

.debug_ranges
 *(.debug_ranges)

.debug_macro
 *(.debug_macro)

.gnu.attributes
 *(.gnu.attributes)

/DISCARD/
 *(.note.GNU-stack)
 *(.gnu_debuglink)
 *(.gnu.lto_*)
OUTPUT(kernel.bin elf32-i386)
